Archive member included to satisfy reference by file (symbol)

c:/program files (x86)/atmel/studio/7.0/toolchain/avr8/avr8-gnu-toolchain/bin/../lib/gcc/avr/5.4.0/../../../../avr/lib/avr5\libm.a(addsf3.o)
                              HAL/SERVO_MOTOR/SERVO_PROGRAM.o (__subsf3)
c:/program files (x86)/atmel/studio/7.0/toolchain/avr8/avr8-gnu-toolchain/bin/../lib/gcc/avr/5.4.0/../../../../avr/lib/avr5\libm.a(addsf3x.o)
                              c:/program files (x86)/atmel/studio/7.0/toolchain/avr8/avr8-gnu-toolchain/bin/../lib/gcc/avr/5.4.0/../../../../avr/lib/avr5\libm.a(addsf3.o) (__addsf3x)
c:/program files (x86)/atmel/studio/7.0/toolchain/avr8/avr8-gnu-toolchain/bin/../lib/gcc/avr/5.4.0/../../../../avr/lib/avr5\libm.a(divsf3.o)
                              HAL/SERVO_MOTOR/SERVO_PROGRAM.o (__divsf3)
c:/program files (x86)/atmel/studio/7.0/toolchain/avr8/avr8-gnu-toolchain/bin/../lib/gcc/avr/5.4.0/../../../../avr/lib/avr5\libm.a(divsf3x.o)
                              c:/program files (x86)/atmel/studio/7.0/toolchain/avr8/avr8-gnu-toolchain/bin/../lib/gcc/avr/5.4.0/../../../../avr/lib/avr5\libm.a(divsf3.o) (__divsf3x)
c:/program files (x86)/atmel/studio/7.0/toolchain/avr8/avr8-gnu-toolchain/bin/../lib/gcc/avr/5.4.0/../../../../avr/lib/avr5\libm.a(fixunssfsi.o)
                              HAL/UltraSonic/Ultra_sonic_program.o (__fixunssfsi)
c:/program files (x86)/atmel/studio/7.0/toolchain/avr8/avr8-gnu-toolchain/bin/../lib/gcc/avr/5.4.0/../../../../avr/lib/avr5\libm.a(floatsisf.o)
                              HAL/UltraSonic/Ultra_sonic_program.o (__floatunsisf)
c:/program files (x86)/atmel/studio/7.0/toolchain/avr8/avr8-gnu-toolchain/bin/../lib/gcc/avr/5.4.0/../../../../avr/lib/avr5\libm.a(fp_inf.o)
                              c:/program files (x86)/atmel/studio/7.0/toolchain/avr8/avr8-gnu-toolchain/bin/../lib/gcc/avr/5.4.0/../../../../avr/lib/avr5\libm.a(addsf3x.o) (__fp_inf)
c:/program files (x86)/atmel/studio/7.0/toolchain/avr8/avr8-gnu-toolchain/bin/../lib/gcc/avr/5.4.0/../../../../avr/lib/avr5\libm.a(fp_nan.o)
                              c:/program files (x86)/atmel/studio/7.0/toolchain/avr8/avr8-gnu-toolchain/bin/../lib/gcc/avr/5.4.0/../../../../avr/lib/avr5\libm.a(addsf3x.o) (__fp_nan)
c:/program files (x86)/atmel/studio/7.0/toolchain/avr8/avr8-gnu-toolchain/bin/../lib/gcc/avr/5.4.0/../../../../avr/lib/avr5\libm.a(fp_pscA.o)
                              c:/program files (x86)/atmel/studio/7.0/toolchain/avr8/avr8-gnu-toolchain/bin/../lib/gcc/avr/5.4.0/../../../../avr/lib/avr5\libm.a(addsf3x.o) (__fp_pscA)
c:/program files (x86)/atmel/studio/7.0/toolchain/avr8/avr8-gnu-toolchain/bin/../lib/gcc/avr/5.4.0/../../../../avr/lib/avr5\libm.a(fp_pscB.o)
                              c:/program files (x86)/atmel/studio/7.0/toolchain/avr8/avr8-gnu-toolchain/bin/../lib/gcc/avr/5.4.0/../../../../avr/lib/avr5\libm.a(addsf3x.o) (__fp_pscB)
c:/program files (x86)/atmel/studio/7.0/toolchain/avr8/avr8-gnu-toolchain/bin/../lib/gcc/avr/5.4.0/../../../../avr/lib/avr5\libm.a(fp_round.o)
                              c:/program files (x86)/atmel/studio/7.0/toolchain/avr8/avr8-gnu-toolchain/bin/../lib/gcc/avr/5.4.0/../../../../avr/lib/avr5\libm.a(addsf3.o) (__fp_round)
c:/program files (x86)/atmel/studio/7.0/toolchain/avr8/avr8-gnu-toolchain/bin/../lib/gcc/avr/5.4.0/../../../../avr/lib/avr5\libm.a(fp_split3.o)
                              c:/program files (x86)/atmel/studio/7.0/toolchain/avr8/avr8-gnu-toolchain/bin/../lib/gcc/avr/5.4.0/../../../../avr/lib/avr5\libm.a(addsf3x.o) (__fp_split3)
c:/program files (x86)/atmel/studio/7.0/toolchain/avr8/avr8-gnu-toolchain/bin/../lib/gcc/avr/5.4.0/../../../../avr/lib/avr5\libm.a(fp_zero.o)
                              c:/program files (x86)/atmel/studio/7.0/toolchain/avr8/avr8-gnu-toolchain/bin/../lib/gcc/avr/5.4.0/../../../../avr/lib/avr5\libm.a(addsf3x.o) (__fp_zero)
c:/program files (x86)/atmel/studio/7.0/toolchain/avr8/avr8-gnu-toolchain/bin/../lib/gcc/avr/5.4.0/../../../../avr/lib/avr5\libm.a(gesf2.o)
                              LIB/delay_imp.o (__gesf2)
c:/program files (x86)/atmel/studio/7.0/toolchain/avr8/avr8-gnu-toolchain/bin/../lib/gcc/avr/5.4.0/../../../../avr/lib/avr5\libm.a(mulsf3.o)
                              HAL/SERVO_MOTOR/SERVO_PROGRAM.o (__mulsf3)
c:/program files (x86)/atmel/studio/7.0/toolchain/avr8/avr8-gnu-toolchain/bin/../lib/gcc/avr/5.4.0/../../../../avr/lib/avr5\libm.a(mulsf3x.o)
                              c:/program files (x86)/atmel/studio/7.0/toolchain/avr8/avr8-gnu-toolchain/bin/../lib/gcc/avr/5.4.0/../../../../avr/lib/avr5\libm.a(mulsf3.o) (__mulsf3x)
c:/program files (x86)/atmel/studio/7.0/toolchain/avr8/avr8-gnu-toolchain/bin/../lib/gcc/avr/5.4.0/../../../../avr/lib/avr5\libm.a(fp_cmp.o)
                              c:/program files (x86)/atmel/studio/7.0/toolchain/avr8/avr8-gnu-toolchain/bin/../lib/gcc/avr/5.4.0/../../../../avr/lib/avr5\libm.a(gesf2.o) (__fp_cmp)
c:/program files (x86)/atmel/studio/7.0/toolchain/avr8/avr8-gnu-toolchain/bin/../lib/gcc/avr/5.4.0/avr5\libgcc.a(_exit.o)
                              C:/Program Files (x86)/Atmel/Studio/7.0/Packs/atmel/ATmega_DFP/1.7.374/gcc/dev/atmega16/avr5/crtatmega16.o (exit)
c:/program files (x86)/atmel/studio/7.0/toolchain/avr8/avr8-gnu-toolchain/bin/../lib/gcc/avr/5.4.0/avr5\libgcc.a(_copy_data.o)
                              APP/main.o (__do_copy_data)

Discarded input sections

 .data          0x00000000        0x0 C:/Program Files (x86)/Atmel/Studio/7.0/Packs/atmel/ATmega_DFP/1.7.374/gcc/dev/atmega16/avr5/crtatmega16.o
 .bss           0x00000000        0x0 C:/Program Files (x86)/Atmel/Studio/7.0/Packs/atmel/ATmega_DFP/1.7.374/gcc/dev/atmega16/avr5/crtatmega16.o
 .text          0x00000000        0x0 APP/main.o
 .data          0x00000000        0x0 APP/main.o
 .bss           0x00000000        0x0 APP/main.o
 .text          0x00000000        0x0 HAL/4_LED/LED_PROGRAM.o
 .data          0x00000000        0x0 HAL/4_LED/LED_PROGRAM.o
 .bss           0x00000000        0x0 HAL/4_LED/LED_PROGRAM.o
 .text.LED_init
                0x00000000        0x8 HAL/4_LED/LED_PROGRAM.o
 .text.LED_on   0x00000000        0x8 HAL/4_LED/LED_PROGRAM.o
 .text.LED_off  0x00000000        0x8 HAL/4_LED/LED_PROGRAM.o
 .debug_info    0x00000000      0x163 HAL/4_LED/LED_PROGRAM.o
 .debug_abbrev  0x00000000       0x8b HAL/4_LED/LED_PROGRAM.o
 .debug_loc     0x00000000       0x63 HAL/4_LED/LED_PROGRAM.o
 .debug_aranges
                0x00000000       0x30 HAL/4_LED/LED_PROGRAM.o
 .debug_ranges  0x00000000       0x20 HAL/4_LED/LED_PROGRAM.o
 .debug_line    0x00000000       0xc7 HAL/4_LED/LED_PROGRAM.o
 .debug_str     0x00000000      0x1f3 HAL/4_LED/LED_PROGRAM.o
 .comment       0x00000000       0x31 HAL/4_LED/LED_PROGRAM.o
 .debug_frame   0x00000000       0x44 HAL/4_LED/LED_PROGRAM.o
 .text          0x00000000        0x0 HAL/7-SEGMANT/7SEGMANT_PROGRAM.o
 .data          0x00000000        0x0 HAL/7-SEGMANT/7SEGMANT_PROGRAM.o
 .bss           0x00000000        0x0 HAL/7-SEGMANT/7SEGMANT_PROGRAM.o
 .text.LED_7SEGMANT_init
                0x00000000       0x18 HAL/7-SEGMANT/7SEGMANT_PROGRAM.o
 .text.COUNT_DOWN
                0x00000000       0x62 HAL/7-SEGMANT/7SEGMANT_PROGRAM.o
 .data.array    0x00000000       0x3f HAL/7-SEGMANT/7SEGMANT_PROGRAM.o
 .debug_info    0x00000000      0x1e0 HAL/7-SEGMANT/7SEGMANT_PROGRAM.o
 .debug_abbrev  0x00000000      0x123 HAL/7-SEGMANT/7SEGMANT_PROGRAM.o
 .debug_loc     0x00000000       0xf5 HAL/7-SEGMANT/7SEGMANT_PROGRAM.o
 .debug_aranges
                0x00000000       0x28 HAL/7-SEGMANT/7SEGMANT_PROGRAM.o
 .debug_ranges  0x00000000       0x18 HAL/7-SEGMANT/7SEGMANT_PROGRAM.o
 .debug_line    0x00000000      0x200 HAL/7-SEGMANT/7SEGMANT_PROGRAM.o
 .debug_str     0x00000000      0x255 HAL/7-SEGMANT/7SEGMANT_PROGRAM.o
 .comment       0x00000000       0x31 HAL/7-SEGMANT/7SEGMANT_PROGRAM.o
 .debug_frame   0x00000000       0x48 HAL/7-SEGMANT/7SEGMANT_PROGRAM.o
 .text          0x00000000        0x0 HAL/BUTTON/BUTTON_PROGRAM.o
 .data          0x00000000        0x0 HAL/BUTTON/BUTTON_PROGRAM.o
 .bss           0x00000000        0x0 HAL/BUTTON/BUTTON_PROGRAM.o
 .text.BUTTON_init
                0x00000000       0x1a HAL/BUTTON/BUTTON_PROGRAM.o
 .text.BUTTON_pressed
                0x00000000       0x44 HAL/BUTTON/BUTTON_PROGRAM.o
 .debug_info    0x00000000      0x184 HAL/BUTTON/BUTTON_PROGRAM.o
 .debug_abbrev  0x00000000       0xd0 HAL/BUTTON/BUTTON_PROGRAM.o
 .debug_loc     0x00000000      0x105 HAL/BUTTON/BUTTON_PROGRAM.o
 .debug_aranges
                0x00000000       0x28 HAL/BUTTON/BUTTON_PROGRAM.o
 .debug_ranges  0x00000000       0x18 HAL/BUTTON/BUTTON_PROGRAM.o
 .debug_line    0x00000000      0x11d HAL/BUTTON/BUTTON_PROGRAM.o
 .debug_str     0x00000000      0x1ff HAL/BUTTON/BUTTON_PROGRAM.o
 .comment       0x00000000       0x31 HAL/BUTTON/BUTTON_PROGRAM.o
 .debug_frame   0x00000000       0x34 HAL/BUTTON/BUTTON_PROGRAM.o
 .text          0x00000000        0x0 HAL/BUZZER/BUZZER_PROGRAM.o
 .data          0x00000000        0x0 HAL/BUZZER/BUZZER_PROGRAM.o
 .bss           0x00000000        0x0 HAL/BUZZER/BUZZER_PROGRAM.o
 .text          0x00000000        0x0 HAL/DC_MOTOR/DC_MOTOR_PROGRAM.o
 .data          0x00000000        0x0 HAL/DC_MOTOR/DC_MOTOR_PROGRAM.o
 .bss           0x00000000        0x0 HAL/DC_MOTOR/DC_MOTOR_PROGRAM.o
 .text.MOTOR_init
                0x00000000       0x22 HAL/DC_MOTOR/DC_MOTOR_PROGRAM.o
 .text.MOTOR_ON
                0x00000000       0x5c HAL/DC_MOTOR/DC_MOTOR_PROGRAM.o
 .text.MOTOR_OFF
                0x00000000       0x22 HAL/DC_MOTOR/DC_MOTOR_PROGRAM.o
 .debug_info    0x00000000      0x281 HAL/DC_MOTOR/DC_MOTOR_PROGRAM.o
 .debug_abbrev  0x00000000       0xb0 HAL/DC_MOTOR/DC_MOTOR_PROGRAM.o
 .debug_loc     0x00000000       0xd8 HAL/DC_MOTOR/DC_MOTOR_PROGRAM.o
 .debug_aranges
                0x00000000       0x30 HAL/DC_MOTOR/DC_MOTOR_PROGRAM.o
 .debug_ranges  0x00000000       0x20 HAL/DC_MOTOR/DC_MOTOR_PROGRAM.o
 .debug_line    0x00000000      0x14b HAL/DC_MOTOR/DC_MOTOR_PROGRAM.o
 .debug_str     0x00000000      0x1fc HAL/DC_MOTOR/DC_MOTOR_PROGRAM.o
 .comment       0x00000000       0x31 HAL/DC_MOTOR/DC_MOTOR_PROGRAM.o
 .debug_frame   0x00000000       0x44 HAL/DC_MOTOR/DC_MOTOR_PROGRAM.o
 .text          0x00000000        0x0 HAL/FLAME_SENSOR/FLAME_SENSOR_PROGRAM.o
 .data          0x00000000        0x0 HAL/FLAME_SENSOR/FLAME_SENSOR_PROGRAM.o
 .bss           0x00000000        0x0 HAL/FLAME_SENSOR/FLAME_SENSOR_PROGRAM.o
 .text          0x00000000        0x0 HAL/IR_SENSOR/IR_SENSOR_PROGRAM.o
 .data          0x00000000        0x0 HAL/IR_SENSOR/IR_SENSOR_PROGRAM.o
 .bss           0x00000000        0x0 HAL/IR_SENSOR/IR_SENSOR_PROGRAM.o
 .text          0x00000000        0x0 HAL/KEYPAD/KEYPAD_PROGRAM.o
 .data          0x00000000        0x0 HAL/KEYPAD/KEYPAD_PROGRAM.o
 .bss           0x00000000        0x0 HAL/KEYPAD/KEYPAD_PROGRAM.o
 .text.KEYPAD_init
                0x00000000       0x4e HAL/KEYPAD/KEYPAD_PROGRAM.o
 .text.KEYPAD_scan
                0x00000000       0x88 HAL/KEYPAD/KEYPAD_PROGRAM.o
 .rodata.keypad
                0x00000000       0x10 HAL/KEYPAD/KEYPAD_PROGRAM.o
 .debug_info    0x00000000      0x2b3 HAL/KEYPAD/KEYPAD_PROGRAM.o
 .debug_abbrev  0x00000000      0x151 HAL/KEYPAD/KEYPAD_PROGRAM.o
 .debug_loc     0x00000000      0x177 HAL/KEYPAD/KEYPAD_PROGRAM.o
 .debug_aranges
                0x00000000       0x28 HAL/KEYPAD/KEYPAD_PROGRAM.o
 .debug_ranges  0x00000000       0x18 HAL/KEYPAD/KEYPAD_PROGRAM.o
 .debug_line    0x00000000      0x295 HAL/KEYPAD/KEYPAD_PROGRAM.o
 .debug_str     0x00000000      0x247 HAL/KEYPAD/KEYPAD_PROGRAM.o
 .comment       0x00000000       0x31 HAL/KEYPAD/KEYPAD_PROGRAM.o
 .debug_frame   0x00000000       0x4c HAL/KEYPAD/KEYPAD_PROGRAM.o
 .text          0x00000000        0x0 HAL/LCD/LCD_PROGRAM.o
 .data          0x00000000        0x0 HAL/LCD/LCD_PROGRAM.o
 .bss           0x00000000        0x0 HAL/LCD/LCD_PROGRAM.o
 .text.LCD_SEND_COMMAND_4BIT
                0x00000000       0x28 HAL/LCD/LCD_PROGRAM.o
 .text.LCD_init_4bit
                0x00000000       0x7c HAL/LCD/LCD_PROGRAM.o
 .text.LCD_CLEAR_4BIT
                0x00000000        0x8 HAL/LCD/LCD_PROGRAM.o
 .text.LCD_set_cursor_4bit
                0x00000000       0x22 HAL/LCD/LCD_PROGRAM.o
 .text          0x00000000        0x0 HAL/SERVO_MOTOR/SERVO_PROGRAM.o
 .data          0x00000000        0x0 HAL/SERVO_MOTOR/SERVO_PROGRAM.o
 .bss           0x00000000        0x0 HAL/SERVO_MOTOR/SERVO_PROGRAM.o
 .text          0x00000000        0x0 HAL/UltraSonic/Ultra_sonic_program.o
 .data          0x00000000        0x0 HAL/UltraSonic/Ultra_sonic_program.o
 .bss           0x00000000        0x0 HAL/UltraSonic/Ultra_sonic_program.o
 .text.ultrasonic_trigger
                0x00000000       0x1a HAL/UltraSonic/Ultra_sonic_program.o
 .text.Ultra_sonic_read_distance
                0x00000000       0x68 HAL/UltraSonic/Ultra_sonic_program.o
 .text          0x00000000        0x0 LIB/delay_imp.o
 .data          0x00000000        0x0 LIB/delay_imp.o
 .bss           0x00000000        0x0 LIB/delay_imp.o
 .text          0x00000000        0x0 MCAL/DIO.o
 .data          0x00000000        0x0 MCAL/DIO.o
 .bss           0x00000000        0x0 MCAL/DIO.o
 .text          0x00000000        0x0 MCAL/UART_COMMUNICATION_SYSTEM/UART_PROGRAM.o
 .data          0x00000000        0x0 MCAL/UART_COMMUNICATION_SYSTEM/UART_PROGRAM.o
 .bss           0x00000000        0x0 MCAL/UART_COMMUNICATION_SYSTEM/UART_PROGRAM.o
 .text.UART_Init
                0x00000000        0xe MCAL/UART_COMMUNICATION_SYSTEM/UART_PROGRAM.o
 .text.UART_Transmit
                0x00000000        0x8 MCAL/UART_COMMUNICATION_SYSTEM/UART_PROGRAM.o
 .text.UART_Receive
                0x00000000        0x8 MCAL/UART_COMMUNICATION_SYSTEM/UART_PROGRAM.o
 .text.UART_TransmitString
                0x00000000       0x1a MCAL/UART_COMMUNICATION_SYSTEM/UART_PROGRAM.o
 .debug_info    0x00000000      0x13a MCAL/UART_COMMUNICATION_SYSTEM/UART_PROGRAM.o
 .debug_abbrev  0x00000000       0xcf MCAL/UART_COMMUNICATION_SYSTEM/UART_PROGRAM.o
 .debug_loc     0x00000000       0x7d MCAL/UART_COMMUNICATION_SYSTEM/UART_PROGRAM.o
 .debug_aranges
                0x00000000       0x38 MCAL/UART_COMMUNICATION_SYSTEM/UART_PROGRAM.o
 .debug_ranges  0x00000000       0x28 MCAL/UART_COMMUNICATION_SYSTEM/UART_PROGRAM.o
 .debug_line    0x00000000      0x144 MCAL/UART_COMMUNICATION_SYSTEM/UART_PROGRAM.o
 .debug_str     0x00000000      0x211 MCAL/UART_COMMUNICATION_SYSTEM/UART_PROGRAM.o
 .comment       0x00000000       0x31 MCAL/UART_COMMUNICATION_SYSTEM/UART_PROGRAM.o
 .debug_frame   0x00000000       0x60 MCAL/UART_COMMUNICATION_SYSTEM/UART_PROGRAM.o
 .text          0x00000000        0x0 c:/program files (x86)/atmel/studio/7.0/toolchain/avr8/avr8-gnu-toolchain/bin/../lib/gcc/avr/5.4.0/../../../../avr/lib/avr5\libm.a(addsf3.o)
 .data          0x00000000        0x0 c:/program files (x86)/atmel/studio/7.0/toolchain/avr8/avr8-gnu-toolchain/bin/../lib/gcc/avr/5.4.0/../../../../avr/lib/avr5\libm.a(addsf3.o)
 .bss           0x00000000        0x0 c:/program files (x86)/atmel/studio/7.0/toolchain/avr8/avr8-gnu-toolchain/bin/../lib/gcc/avr/5.4.0/../../../../avr/lib/avr5\libm.a(addsf3.o)
 .text          0x00000000        0x0 c:/program files (x86)/atmel/studio/7.0/toolchain/avr8/avr8-gnu-toolchain/bin/../lib/gcc/avr/5.4.0/../../../../avr/lib/avr5\libm.a(addsf3x.o)
 .data          0x00000000        0x0 c:/program files (x86)/atmel/studio/7.0/toolchain/avr8/avr8-gnu-toolchain/bin/../lib/gcc/avr/5.4.0/../../../../avr/lib/avr5\libm.a(addsf3x.o)
 .bss           0x00000000        0x0 c:/program files (x86)/atmel/studio/7.0/toolchain/avr8/avr8-gnu-toolchain/bin/../lib/gcc/avr/5.4.0/../../../../avr/lib/avr5\libm.a(addsf3x.o)
 .text          0x00000000        0x0 c:/program files (x86)/atmel/studio/7.0/toolchain/avr8/avr8-gnu-toolchain/bin/../lib/gcc/avr/5.4.0/../../../../avr/lib/avr5\libm.a(divsf3.o)
 .data          0x00000000        0x0 c:/program files (x86)/atmel/studio/7.0/toolchain/avr8/avr8-gnu-toolchain/bin/../lib/gcc/avr/5.4.0/../../../../avr/lib/avr5\libm.a(divsf3.o)
 .bss           0x00000000        0x0 c:/program files (x86)/atmel/studio/7.0/toolchain/avr8/avr8-gnu-toolchain/bin/../lib/gcc/avr/5.4.0/../../../../avr/lib/avr5\libm.a(divsf3.o)
 .text          0x00000000        0x0 c:/program files (x86)/atmel/studio/7.0/toolchain/avr8/avr8-gnu-toolchain/bin/../lib/gcc/avr/5.4.0/../../../../avr/lib/avr5\libm.a(divsf3x.o)
 .data          0x00000000        0x0 c:/program files (x86)/atmel/studio/7.0/toolchain/avr8/avr8-gnu-toolchain/bin/../lib/gcc/avr/5.4.0/../../../../avr/lib/avr5\libm.a(divsf3x.o)
 .bss           0x00000000        0x0 c:/program files (x86)/atmel/studio/7.0/toolchain/avr8/avr8-gnu-toolchain/bin/../lib/gcc/avr/5.4.0/../../../../avr/lib/avr5\libm.a(divsf3x.o)
 .text          0x00000000        0x0 c:/program files (x86)/atmel/studio/7.0/toolchain/avr8/avr8-gnu-toolchain/bin/../lib/gcc/avr/5.4.0/../../../../avr/lib/avr5\libm.a(fixunssfsi.o)
 .data          0x00000000        0x0 c:/program files (x86)/atmel/studio/7.0/toolchain/avr8/avr8-gnu-toolchain/bin/../lib/gcc/avr/5.4.0/../../../../avr/lib/avr5\libm.a(fixunssfsi.o)
 .bss           0x00000000        0x0 c:/program files (x86)/atmel/studio/7.0/toolchain/avr8/avr8-gnu-toolchain/bin/../lib/gcc/avr/5.4.0/../../../../avr/lib/avr5\libm.a(fixunssfsi.o)
 .text.avr-libc.fplib
                0x00000000       0x5e c:/program files (x86)/atmel/studio/7.0/toolchain/avr8/avr8-gnu-toolchain/bin/../lib/gcc/avr/5.4.0/../../../../avr/lib/avr5\libm.a(fixunssfsi.o)
 .text          0x00000000        0x0 c:/program files (x86)/atmel/studio/7.0/toolchain/avr8/avr8-gnu-toolchain/bin/../lib/gcc/avr/5.4.0/../../../../avr/lib/avr5\libm.a(floatsisf.o)
 .data          0x00000000        0x0 c:/program files (x86)/atmel/studio/7.0/toolchain/avr8/avr8-gnu-toolchain/bin/../lib/gcc/avr/5.4.0/../../../../avr/lib/avr5\libm.a(floatsisf.o)
 .bss           0x00000000        0x0 c:/program files (x86)/atmel/studio/7.0/toolchain/avr8/avr8-gnu-toolchain/bin/../lib/gcc/avr/5.4.0/../../../../avr/lib/avr5\libm.a(floatsisf.o)
 .text          0x00000000        0x0 c:/program files (x86)/atmel/studio/7.0/toolchain/avr8/avr8-gnu-toolchain/bin/../lib/gcc/avr/5.4.0/../../../../avr/lib/avr5\libm.a(fp_inf.o)
 .data          0x00000000        0x0 c:/program files (x86)/atmel/studio/7.0/toolchain/avr8/avr8-gnu-toolchain/bin/../lib/gcc/avr/5.4.0/../../../../avr/lib/avr5\libm.a(fp_inf.o)
 .bss           0x00000000        0x0 c:/program files (x86)/atmel/studio/7.0/toolchain/avr8/avr8-gnu-toolchain/bin/../lib/gcc/avr/5.4.0/../../../../avr/lib/avr5\libm.a(fp_inf.o)
 .text          0x00000000        0x0 c:/program files (x86)/atmel/studio/7.0/toolchain/avr8/avr8-gnu-toolchain/bin/../lib/gcc/avr/5.4.0/../../../../avr/lib/avr5\libm.a(fp_nan.o)
 .data          0x00000000        0x0 c:/program files (x86)/atmel/studio/7.0/toolchain/avr8/avr8-gnu-toolchain/bin/../lib/gcc/avr/5.4.0/../../../../avr/lib/avr5\libm.a(fp_nan.o)
 .bss           0x00000000        0x0 c:/program files (x86)/atmel/studio/7.0/toolchain/avr8/avr8-gnu-toolchain/bin/../lib/gcc/avr/5.4.0/../../../../avr/lib/avr5\libm.a(fp_nan.o)
 .text          0x00000000        0x0 c:/program files (x86)/atmel/studio/7.0/toolchain/avr8/avr8-gnu-toolchain/bin/../lib/gcc/avr/5.4.0/../../../../avr/lib/avr5\libm.a(fp_pscA.o)
 .data          0x00000000        0x0 c:/program files (x86)/atmel/studio/7.0/toolchain/avr8/avr8-gnu-toolchain/bin/../lib/gcc/avr/5.4.0/../../../../avr/lib/avr5\libm.a(fp_pscA.o)
 .bss           0x00000000        0x0 c:/program files (x86)/atmel/studio/7.0/toolchain/avr8/avr8-gnu-toolchain/bin/../lib/gcc/avr/5.4.0/../../../../avr/lib/avr5\libm.a(fp_pscA.o)
 .text          0x00000000        0x0 c:/program files (x86)/atmel/studio/7.0/toolchain/avr8/avr8-gnu-toolchain/bin/../lib/gcc/avr/5.4.0/../../../../avr/lib/avr5\libm.a(fp_pscB.o)
 .data          0x00000000        0x0 c:/program files (x86)/atmel/studio/7.0/toolchain/avr8/avr8-gnu-toolchain/bin/../lib/gcc/avr/5.4.0/../../../../avr/lib/avr5\libm.a(fp_pscB.o)
 .bss           0x00000000        0x0 c:/program files (x86)/atmel/studio/7.0/toolchain/avr8/avr8-gnu-toolchain/bin/../lib/gcc/avr/5.4.0/../../../../avr/lib/avr5\libm.a(fp_pscB.o)
 .text          0x00000000        0x0 c:/program files (x86)/atmel/studio/7.0/toolchain/avr8/avr8-gnu-toolchain/bin/../lib/gcc/avr/5.4.0/../../../../avr/lib/avr5\libm.a(fp_round.o)
 .data          0x00000000        0x0 c:/program files (x86)/atmel/studio/7.0/toolchain/avr8/avr8-gnu-toolchain/bin/../lib/gcc/avr/5.4.0/../../../../avr/lib/avr5\libm.a(fp_round.o)
 .bss           0x00000000        0x0 c:/program files (x86)/atmel/studio/7.0/toolchain/avr8/avr8-gnu-toolchain/bin/../lib/gcc/avr/5.4.0/../../../../avr/lib/avr5\libm.a(fp_round.o)
 .text          0x00000000        0x0 c:/program files (x86)/atmel/studio/7.0/toolchain/avr8/avr8-gnu-toolchain/bin/../lib/gcc/avr/5.4.0/../../../../avr/lib/avr5\libm.a(fp_split3.o)
 .data          0x00000000        0x0 c:/program files (x86)/atmel/studio/7.0/toolchain/avr8/avr8-gnu-toolchain/bin/../lib/gcc/avr/5.4.0/../../../../avr/lib/avr5\libm.a(fp_split3.o)
 .bss           0x00000000        0x0 c:/program files (x86)/atmel/studio/7.0/toolchain/avr8/avr8-gnu-toolchain/bin/../lib/gcc/avr/5.4.0/../../../../avr/lib/avr5\libm.a(fp_split3.o)
 .text          0x00000000        0x0 c:/program files (x86)/atmel/studio/7.0/toolchain/avr8/avr8-gnu-toolchain/bin/../lib/gcc/avr/5.4.0/../../../../avr/lib/avr5\libm.a(fp_zero.o)
 .data          0x00000000        0x0 c:/program files (x86)/atmel/studio/7.0/toolchain/avr8/avr8-gnu-toolchain/bin/../lib/gcc/avr/5.4.0/../../../../avr/lib/avr5\libm.a(fp_zero.o)
 .bss           0x00000000        0x0 c:/program files (x86)/atmel/studio/7.0/toolchain/avr8/avr8-gnu-toolchain/bin/../lib/gcc/avr/5.4.0/../../../../avr/lib/avr5\libm.a(fp_zero.o)
 .text          0x00000000        0x0 c:/program files (x86)/atmel/studio/7.0/toolchain/avr8/avr8-gnu-toolchain/bin/../lib/gcc/avr/5.4.0/../../../../avr/lib/avr5\libm.a(gesf2.o)
 .data          0x00000000        0x0 c:/program files (x86)/atmel/studio/7.0/toolchain/avr8/avr8-gnu-toolchain/bin/../lib/gcc/avr/5.4.0/../../../../avr/lib/avr5\libm.a(gesf2.o)
 .bss           0x00000000        0x0 c:/program files (x86)/atmel/studio/7.0/toolchain/avr8/avr8-gnu-toolchain/bin/../lib/gcc/avr/5.4.0/../../../../avr/lib/avr5\libm.a(gesf2.o)
 .text          0x00000000        0x0 c:/program files (x86)/atmel/studio/7.0/toolchain/avr8/avr8-gnu-toolchain/bin/../lib/gcc/avr/5.4.0/../../../../avr/lib/avr5\libm.a(mulsf3.o)
 .data          0x00000000        0x0 c:/program files (x86)/atmel/studio/7.0/toolchain/avr8/avr8-gnu-toolchain/bin/../lib/gcc/avr/5.4.0/../../../../avr/lib/avr5\libm.a(mulsf3.o)
 .bss           0x00000000        0x0 c:/program files (x86)/atmel/studio/7.0/toolchain/avr8/avr8-gnu-toolchain/bin/../lib/gcc/avr/5.4.0/../../../../avr/lib/avr5\libm.a(mulsf3.o)
 .text          0x00000000        0x0 c:/program files (x86)/atmel/studio/7.0/toolchain/avr8/avr8-gnu-toolchain/bin/../lib/gcc/avr/5.4.0/../../../../avr/lib/avr5\libm.a(mulsf3x.o)
 .data          0x00000000        0x0 c:/program files (x86)/atmel/studio/7.0/toolchain/avr8/avr8-gnu-toolchain/bin/../lib/gcc/avr/5.4.0/../../../../avr/lib/avr5\libm.a(mulsf3x.o)
 .bss           0x00000000        0x0 c:/program files (x86)/atmel/studio/7.0/toolchain/avr8/avr8-gnu-toolchain/bin/../lib/gcc/avr/5.4.0/../../../../avr/lib/avr5\libm.a(mulsf3x.o)
 .text          0x00000000        0x0 c:/program files (x86)/atmel/studio/7.0/toolchain/avr8/avr8-gnu-toolchain/bin/../lib/gcc/avr/5.4.0/../../../../avr/lib/avr5\libm.a(fp_cmp.o)
 .data          0x00000000        0x0 c:/program files (x86)/atmel/studio/7.0/toolchain/avr8/avr8-gnu-toolchain/bin/../lib/gcc/avr/5.4.0/../../../../avr/lib/avr5\libm.a(fp_cmp.o)
 .bss           0x00000000        0x0 c:/program files (x86)/atmel/studio/7.0/toolchain/avr8/avr8-gnu-toolchain/bin/../lib/gcc/avr/5.4.0/../../../../avr/lib/avr5\libm.a(fp_cmp.o)
 .text          0x00000000        0x0 c:/program files (x86)/atmel/studio/7.0/toolchain/avr8/avr8-gnu-toolchain/bin/../lib/gcc/avr/5.4.0/avr5\libgcc.a(_exit.o)
 .data          0x00000000        0x0 c:/program files (x86)/atmel/studio/7.0/toolchain/avr8/avr8-gnu-toolchain/bin/../lib/gcc/avr/5.4.0/avr5\libgcc.a(_exit.o)
 .bss           0x00000000        0x0 c:/program files (x86)/atmel/studio/7.0/toolchain/avr8/avr8-gnu-toolchain/bin/../lib/gcc/avr/5.4.0/avr5\libgcc.a(_exit.o)
 .text.libgcc.mul
                0x00000000        0x0 c:/program files (x86)/atmel/studio/7.0/toolchain/avr8/avr8-gnu-toolchain/bin/../lib/gcc/avr/5.4.0/avr5\libgcc.a(_exit.o)
 .text.libgcc.div
                0x00000000        0x0 c:/program files (x86)/atmel/studio/7.0/toolchain/avr8/avr8-gnu-toolchain/bin/../lib/gcc/avr/5.4.0/avr5\libgcc.a(_exit.o)
 .text.libgcc   0x00000000        0x0 c:/program files (x86)/atmel/studio/7.0/toolchain/avr8/avr8-gnu-toolchain/bin/../lib/gcc/avr/5.4.0/avr5\libgcc.a(_exit.o)
 .text.libgcc.prologue
                0x00000000        0x0 c:/program files (x86)/atmel/studio/7.0/toolchain/avr8/avr8-gnu-toolchain/bin/../lib/gcc/avr/5.4.0/avr5\libgcc.a(_exit.o)
 .text.libgcc.builtins
                0x00000000        0x0 c:/program files (x86)/atmel/studio/7.0/toolchain/avr8/avr8-gnu-toolchain/bin/../lib/gcc/avr/5.4.0/avr5\libgcc.a(_exit.o)
 .text.libgcc.fmul
                0x00000000        0x0 c:/program files (x86)/atmel/studio/7.0/toolchain/avr8/avr8-gnu-toolchain/bin/../lib/gcc/avr/5.4.0/avr5\libgcc.a(_exit.o)
 .text.libgcc.fixed
                0x00000000        0x0 c:/program files (x86)/atmel/studio/7.0/toolchain/avr8/avr8-gnu-toolchain/bin/../lib/gcc/avr/5.4.0/avr5\libgcc.a(_exit.o)
 .text          0x00000000        0x0 c:/program files (x86)/atmel/studio/7.0/toolchain/avr8/avr8-gnu-toolchain/bin/../lib/gcc/avr/5.4.0/avr5\libgcc.a(_copy_data.o)
 .data          0x00000000        0x0 c:/program files (x86)/atmel/studio/7.0/toolchain/avr8/avr8-gnu-toolchain/bin/../lib/gcc/avr/5.4.0/avr5\libgcc.a(_copy_data.o)
 .bss           0x00000000        0x0 c:/program files (x86)/atmel/studio/7.0/toolchain/avr8/avr8-gnu-toolchain/bin/../lib/gcc/avr/5.4.0/avr5\libgcc.a(_copy_data.o)
 .text.libgcc.mul
                0x00000000        0x0 c:/program files (x86)/atmel/studio/7.0/toolchain/avr8/avr8-gnu-toolchain/bin/../lib/gcc/avr/5.4.0/avr5\libgcc.a(_copy_data.o)
 .text.libgcc.div
                0x00000000        0x0 c:/program files (x86)/atmel/studio/7.0/toolchain/avr8/avr8-gnu-toolchain/bin/../lib/gcc/avr/5.4.0/avr5\libgcc.a(_copy_data.o)
 .text.libgcc   0x00000000        0x0 c:/program files (x86)/atmel/studio/7.0/toolchain/avr8/avr8-gnu-toolchain/bin/../lib/gcc/avr/5.4.0/avr5\libgcc.a(_copy_data.o)
 .text.libgcc.prologue
                0x00000000        0x0 c:/program files (x86)/atmel/studio/7.0/toolchain/avr8/avr8-gnu-toolchain/bin/../lib/gcc/avr/5.4.0/avr5\libgcc.a(_copy_data.o)
 .text.libgcc.builtins
                0x00000000        0x0 c:/program files (x86)/atmel/studio/7.0/toolchain/avr8/avr8-gnu-toolchain/bin/../lib/gcc/avr/5.4.0/avr5\libgcc.a(_copy_data.o)
 .text.libgcc.fmul
                0x00000000        0x0 c:/program files (x86)/atmel/studio/7.0/toolchain/avr8/avr8-gnu-toolchain/bin/../lib/gcc/avr/5.4.0/avr5\libgcc.a(_copy_data.o)
 .text.libgcc.fixed
                0x00000000        0x0 c:/program files (x86)/atmel/studio/7.0/toolchain/avr8/avr8-gnu-toolchain/bin/../lib/gcc/avr/5.4.0/avr5\libgcc.a(_copy_data.o)

Memory Configuration

Name             Origin             Length             Attributes
text             0x00000000         0x00004000         xr
data             0x00800060         0x00000400         rw !x
eeprom           0x00810000         0x00000200         rw !x
fuse             0x00820000         0x00000002         rw !x
lock             0x00830000         0x00000400         rw !x
signature        0x00840000         0x00000400         rw !x
user_signatures  0x00850000         0x00000400         rw !x
*default*        0x00000000         0xffffffff

Linker script and memory map

LOAD C:/Program Files (x86)/Atmel/Studio/7.0/Packs/atmel/ATmega_DFP/1.7.374/gcc/dev/atmega16/avr5/crtatmega16.o
LOAD APP/main.o
LOAD HAL/4_LED/LED_PROGRAM.o
LOAD HAL/7-SEGMANT/7SEGMANT_PROGRAM.o
LOAD HAL/BUTTON/BUTTON_PROGRAM.o
LOAD HAL/BUZZER/BUZZER_PROGRAM.o
LOAD HAL/DC_MOTOR/DC_MOTOR_PROGRAM.o
LOAD HAL/FLAME_SENSOR/FLAME_SENSOR_PROGRAM.o
LOAD HAL/IR_SENSOR/IR_SENSOR_PROGRAM.o
LOAD HAL/KEYPAD/KEYPAD_PROGRAM.o
LOAD HAL/LCD/LCD_PROGRAM.o
LOAD HAL/SERVO_MOTOR/SERVO_PROGRAM.o
LOAD HAL/UltraSonic/Ultra_sonic_program.o
LOAD LIB/delay_imp.o
LOAD MCAL/DIO.o
LOAD MCAL/UART_COMMUNICATION_SYSTEM/UART_PROGRAM.o
START GROUP
LOAD c:/program files (x86)/atmel/studio/7.0/toolchain/avr8/avr8-gnu-toolchain/bin/../lib/gcc/avr/5.4.0/../../../../avr/lib/avr5\libm.a
END GROUP
START GROUP
LOAD c:/program files (x86)/atmel/studio/7.0/toolchain/avr8/avr8-gnu-toolchain/bin/../lib/gcc/avr/5.4.0/avr5\libgcc.a
LOAD c:/program files (x86)/atmel/studio/7.0/toolchain/avr8/avr8-gnu-toolchain/bin/../lib/gcc/avr/5.4.0/../../../../avr/lib/avr5\libm.a
LOAD c:/program files (x86)/atmel/studio/7.0/toolchain/avr8/avr8-gnu-toolchain/bin/../lib/gcc/avr/5.4.0/../../../../avr/lib/avr5\libc.a
LOAD C:/Program Files (x86)/Atmel/Studio/7.0/Packs/atmel/ATmega_DFP/1.7.374/gcc/dev/atmega16/avr5\libatmega16.a
END GROUP
                0x00000000                __TEXT_REGION_ORIGIN__ = DEFINED (__TEXT_REGION_ORIGIN__)?__TEXT_REGION_ORIGIN__:0x0
                [0x00800060]                __DATA_REGION_ORIGIN__ = DEFINED (__DATA_REGION_ORIGIN__)?__DATA_REGION_ORIGIN__:0x800060
                [0x00004000]                __TEXT_REGION_LENGTH__ = DEFINED (__TEXT_REGION_LENGTH__)?__TEXT_REGION_LENGTH__:0x20000
                [0x00000400]                __DATA_REGION_LENGTH__ = DEFINED (__DATA_REGION_LENGTH__)?__DATA_REGION_LENGTH__:0xffa0
                [0x00000200]                __EEPROM_REGION_LENGTH__ = DEFINED (__EEPROM_REGION_LENGTH__)?__EEPROM_REGION_LENGTH__:0x10000
                [0x00000002]                __FUSE_REGION_LENGTH__ = DEFINED (__FUSE_REGION_LENGTH__)?__FUSE_REGION_LENGTH__:0x400
                0x00000400                __LOCK_REGION_LENGTH__ = DEFINED (__LOCK_REGION_LENGTH__)?__LOCK_REGION_LENGTH__:0x400
                0x00000400                __SIGNATURE_REGION_LENGTH__ = DEFINED (__SIGNATURE_REGION_LENGTH__)?__SIGNATURE_REGION_LENGTH__:0x400
                0x00000400                __USER_SIGNATURE_REGION_LENGTH__ = DEFINED (__USER_SIGNATURE_REGION_LENGTH__)?__USER_SIGNATURE_REGION_LENGTH__:0x400

.hash
 *(.hash)

.dynsym
 *(.dynsym)

.dynstr
 *(.dynstr)

.gnu.version
 *(.gnu.version)

.gnu.version_d
 *(.gnu.version_d)

.gnu.version_r
 *(.gnu.version_r)

.rel.init
 *(.rel.init)

.rela.init
 *(.rela.init)

.rel.text
 *(.rel.text)
 *(.rel.text.*)
 *(.rel.gnu.linkonce.t*)

.rela.text
 *(.rela.text)
 *(.rela.text.*)
 *(.rela.gnu.linkonce.t*)

.rel.fini
 *(.rel.fini)

.rela.fini
 *(.rela.fini)

.rel.rodata
 *(.rel.rodata)
 *(.rel.rodata.*)
 *(.rel.gnu.linkonce.r*)

.rela.rodata
 *(.rela.rodata)
 *(.rela.rodata.*)
 *(.rela.gnu.linkonce.r*)

.rel.data
 *(.rel.data)
 *(.rel.data.*)
 *(.rel.gnu.linkonce.d*)

.rela.data
 *(.rela.data)
 *(.rela.data.*)
 *(.rela.gnu.linkonce.d*)

.rel.ctors
 *(.rel.ctors)

.rela.ctors
 *(.rela.ctors)

.rel.dtors
 *(.rel.dtors)

.rela.dtors
 *(.rela.dtors)

.rel.got
 *(.rel.got)

.rela.got
 *(.rela.got)

.rel.bss
 *(.rel.bss)

.rela.bss
 *(.rela.bss)

.rel.plt
 *(.rel.plt)

.rela.plt
 *(.rela.plt)

.text           0x00000000      0xd92
 *(.vectors)
 .vectors       0x00000000       0x54 C:/Program Files (x86)/Atmel/Studio/7.0/Packs/atmel/ATmega_DFP/1.7.374/gcc/dev/atmega16/avr5/crtatmega16.o
                0x00000000                __vector_default
                0x00000000                __vectors
 *(.vectors)
 *(.progmem.gcc*)
                0x00000054                . = ALIGN (0x2)
                0x00000054                __trampolines_start = .
 *(.trampolines)
 .trampolines   0x00000054        0x0 linker stubs
 *(.trampolines*)
                0x00000054                __trampolines_end = .
 *libprintf_flt.a:*(.progmem.data)
 *libc.a:*(.progmem.data)
 *(.progmem*)
                0x00000054                . = ALIGN (0x2)
 *(.jumptables)
 *(.jumptables*)
 *(.lowtext)
 *(.lowtext*)
                0x00000054                __ctors_start = .
 *(.ctors)
                0x00000054                __ctors_end = .
                0x00000054                __dtors_start = .
 *(.dtors)
                0x00000054                __dtors_end = .
 SORT(*)(.ctors)
 SORT(*)(.dtors)
 *(.init0)
 .init0         0x00000054        0x0 C:/Program Files (x86)/Atmel/Studio/7.0/Packs/atmel/ATmega_DFP/1.7.374/gcc/dev/atmega16/avr5/crtatmega16.o
                0x00000054                __init
 *(.init0)
 *(.init1)
 *(.init1)
 *(.init2)
 .init2         0x00000054        0xc C:/Program Files (x86)/Atmel/Studio/7.0/Packs/atmel/ATmega_DFP/1.7.374/gcc/dev/atmega16/avr5/crtatmega16.o
 *(.init2)
 *(.init3)
 *(.init3)
 *(.init4)
 .init4         0x00000060       0x16 c:/program files (x86)/atmel/studio/7.0/toolchain/avr8/avr8-gnu-toolchain/bin/../lib/gcc/avr/5.4.0/avr5\libgcc.a(_copy_data.o)
                0x00000060                __do_copy_data
 *(.init4)
 *(.init5)
 *(.init5)
 *(.init6)
 *(.init6)
 *(.init7)
 *(.init7)
 *(.init8)
 *(.init8)
 *(.init9)
 .init9         0x00000076        0x8 C:/Program Files (x86)/Atmel/Studio/7.0/Packs/atmel/ATmega_DFP/1.7.374/gcc/dev/atmega16/avr5/crtatmega16.o
 *(.init9)
 *(.text)
 .text          0x0000007e        0x4 C:/Program Files (x86)/Atmel/Studio/7.0/Packs/atmel/ATmega_DFP/1.7.374/gcc/dev/atmega16/avr5/crtatmega16.o
                0x0000007e                __vector_1
                0x0000007e                __vector_12
                0x0000007e                __bad_interrupt
                0x0000007e                __vector_6
                0x0000007e                __vector_3
                0x0000007e                __vector_11
                0x0000007e                __vector_13
                0x0000007e                __vector_17
                0x0000007e                __vector_19
                0x0000007e                __vector_7
                0x0000007e                __vector_5
                0x0000007e                __vector_4
                0x0000007e                __vector_9
                0x0000007e                __vector_2
                0x0000007e                __vector_15
                0x0000007e                __vector_8
                0x0000007e                __vector_14
                0x0000007e                __vector_10
                0x0000007e                __vector_16
                0x0000007e                __vector_18
                0x0000007e                __vector_20
                0x00000082                . = ALIGN (0x2)
 *(.text.*)
 .text.application_initialize
                0x00000082       0x1a APP/main.o
                0x00000082                application_initialize
 .text.main     0x0000009c      0x29e APP/main.o
                0x0000009c                main
 .text.BUZZER_init
                0x0000033a        0xa HAL/BUZZER/BUZZER_PROGRAM.o
                0x0000033a                BUZZER_init
 .text.BUZZER_on
                0x00000344        0xa HAL/BUZZER/BUZZER_PROGRAM.o
                0x00000344                BUZZER_on
 .text.BUZZER_off
                0x0000034e        0xa HAL/BUZZER/BUZZER_PROGRAM.o
                0x0000034e                BUZZER_off
 .text.flame_sensor_intialize
                0x00000358        0xa HAL/FLAME_SENSOR/FLAME_SENSOR_PROGRAM.o
                0x00000358                flame_sensor_intialize
 .text.get_flame_value
                0x00000362        0x8 HAL/FLAME_SENSOR/FLAME_SENSOR_PROGRAM.o
                0x00000362                get_flame_value
 .text.ir_sensor_intialize
                0x0000036a       0x12 HAL/IR_SENSOR/IR_SENSOR_PROGRAM.o
                0x0000036a                ir_sensor_intialize
 .text.get_ir_value
                0x0000037c        0x6 HAL/IR_SENSOR/IR_SENSOR_PROGRAM.o
                0x0000037c                get_ir_value
 .text.lcd_8bit_send_enable_signal
                0x00000382       0x2a HAL/LCD/LCD_PROGRAM.o
 .text.lcd_4bit_send_enable_signal
                0x000003ac       0x2a HAL/LCD/LCD_PROGRAM.o
 .text.LCD_SEND_COMMAND_8BIT
                0x000003d6       0x16 HAL/LCD/LCD_PROGRAM.o
                0x000003d6                LCD_SEND_COMMAND_8BIT
 .text.LCD_init_8bit
                0x000003ec       0x5e HAL/LCD/LCD_PROGRAM.o
                0x000003ec                LCD_init_8bit
 .text.LCD_SEND_DATA
                0x0000044a       0x42 HAL/LCD/LCD_PROGRAM.o
                0x0000044a                LCD_SEND_DATA
 .text.LCD_SEND_DATA_STRING
                0x0000048c       0x22 HAL/LCD/LCD_PROGRAM.o
                0x0000048c                LCD_SEND_DATA_STRING
 .text.LCD_SEND_DATA_INT
                0x000004ae        0xc HAL/LCD/LCD_PROGRAM.o
                0x000004ae                LCD_SEND_DATA_INT
 .text.LCD_CLEAR_8BIT
                0x000004ba        0x8 HAL/LCD/LCD_PROGRAM.o
                0x000004ba                LCD_CLEAR_8BIT
 .text.LCD_set_cursor_8bit
                0x000004c2       0x22 HAL/LCD/LCD_PROGRAM.o
                0x000004c2                LCD_set_cursor_8bit
 .text.lcd_8bit_send_char_data_pos
                0x000004e4       0x14 HAL/LCD/LCD_PROGRAM.o
                0x000004e4                lcd_8bit_send_char_data_pos
 .text.lcd_8bit_send_custom_char
                0x000004f8       0x54 HAL/LCD/LCD_PROGRAM.o
                0x000004f8                lcd_8bit_send_custom_char
 .text.angleToTime
                0x0000054c       0x32 HAL/SERVO_MOTOR/SERVO_PROGRAM.o
                0x0000054c                angleToTime
 .text.servo_motor_init
                0x0000057e       0x12 HAL/SERVO_MOTOR/SERVO_PROGRAM.o
                0x0000057e                servo_motor_init
 .text.servo_motor_degree
                0x00000590       0x80 HAL/SERVO_MOTOR/SERVO_PROGRAM.o
                0x00000590                servo_motor_degree
 .text.Ultra_Sonic_Init
                0x00000610       0x1a HAL/UltraSonic/Ultra_sonic_program.o
                0x00000610                Ultra_Sonic_Init
 .text.delay_Imp
                0x0000062a       0xe4 LIB/delay_imp.o
                0x0000062a                delay_Imp
 .text.pinMode  0x0000070e      0x100 MCAL/DIO.o
                0x0000070e                pinMode
 .text.digitalWrite
                0x0000080e      0x100 MCAL/DIO.o
                0x0000080e                digitalWrite
 .text.digitalRead
                0x0000090e       0x7a MCAL/DIO.o
                0x0000090e                digitalRead
 .text.avr-libc.fplib
                0x00000988        0xe c:/program files (x86)/atmel/studio/7.0/toolchain/avr8/avr8-gnu-toolchain/bin/../lib/gcc/avr/5.4.0/../../../../avr/lib/avr5\libm.a(addsf3.o)
                0x00000988                __subsf3
                0x0000098a                __addsf3
 .text.avr-libc.fplib
                0x00000996       0xcc c:/program files (x86)/atmel/studio/7.0/toolchain/avr8/avr8-gnu-toolchain/bin/../lib/gcc/avr/5.4.0/../../../../avr/lib/avr5\libm.a(addsf3x.o)
                0x000009b8                __addsf3x
 .text.avr-libc.fplib
                0x00000a62        0x8 c:/program files (x86)/atmel/studio/7.0/toolchain/avr8/avr8-gnu-toolchain/bin/../lib/gcc/avr/5.4.0/../../../../avr/lib/avr5\libm.a(divsf3.o)
                0x00000a62                __divsf3
 .text.avr-libc.fplib
                0x00000a6a       0xdc c:/program files (x86)/atmel/studio/7.0/toolchain/avr8/avr8-gnu-toolchain/bin/../lib/gcc/avr/5.4.0/../../../../avr/lib/avr5\libm.a(divsf3x.o)
                0x00000a8a                __divsf3x
                0x00000a90                __divsf3_pse
 .text.avr-libc.fplib
                0x00000b46       0x7a c:/program files (x86)/atmel/studio/7.0/toolchain/avr8/avr8-gnu-toolchain/bin/../lib/gcc/avr/5.4.0/../../../../avr/lib/avr5\libm.a(floatsisf.o)
                0x00000b46                __floatunsisf
                0x00000b4a                __floatsisf
 .text.avr-libc.fplib
                0x00000bc0        0xc c:/program files (x86)/atmel/studio/7.0/toolchain/avr8/avr8-gnu-toolchain/bin/../lib/gcc/avr/5.4.0/../../../../avr/lib/avr5\libm.a(fp_inf.o)
                0x00000bc0                __fp_inf
 .text.avr-libc.fplib
                0x00000bcc        0x6 c:/program files (x86)/atmel/studio/7.0/toolchain/avr8/avr8-gnu-toolchain/bin/../lib/gcc/avr/5.4.0/../../../../avr/lib/avr5\libm.a(fp_nan.o)
                0x00000bcc                __fp_nan
 .text.avr-libc.fplib
                0x00000bd2        0xe c:/program files (x86)/atmel/studio/7.0/toolchain/avr8/avr8-gnu-toolchain/bin/../lib/gcc/avr/5.4.0/../../../../avr/lib/avr5\libm.a(fp_pscA.o)
                0x00000bd2                __fp_pscA
 .text.avr-libc.fplib
                0x00000be0        0xe c:/program files (x86)/atmel/studio/7.0/toolchain/avr8/avr8-gnu-toolchain/bin/../lib/gcc/avr/5.4.0/../../../../avr/lib/avr5\libm.a(fp_pscB.o)
                0x00000be0                __fp_pscB
 .text.avr-libc.fplib
                0x00000bee       0x22 c:/program files (x86)/atmel/studio/7.0/toolchain/avr8/avr8-gnu-toolchain/bin/../lib/gcc/avr/5.4.0/../../../../avr/lib/avr5\libm.a(fp_round.o)
                0x00000bee                __fp_round
 .text.avr-libc.fplib
                0x00000c10       0x44 c:/program files (x86)/atmel/studio/7.0/toolchain/avr8/avr8-gnu-toolchain/bin/../lib/gcc/avr/5.4.0/../../../../avr/lib/avr5\libm.a(fp_split3.o)
                0x00000c10                __fp_split3
                0x00000c20                __fp_splitA
 .text.avr-libc.fplib
                0x00000c54        0xe c:/program files (x86)/atmel/studio/7.0/toolchain/avr8/avr8-gnu-toolchain/bin/../lib/gcc/avr/5.4.0/../../../../avr/lib/avr5\libm.a(fp_zero.o)
                0x00000c54                __fp_zero
                0x00000c56                __fp_szero
 .text.avr-libc.fplib
                0x00000c62        0xa c:/program files (x86)/atmel/studio/7.0/toolchain/avr8/avr8-gnu-toolchain/bin/../lib/gcc/avr/5.4.0/../../../../avr/lib/avr5\libm.a(gesf2.o)
                0x00000c62                __gesf2
                0x00000c62                __gtsf2
 .text.avr-libc.fplib
                0x00000c6c        0x8 c:/program files (x86)/atmel/studio/7.0/toolchain/avr8/avr8-gnu-toolchain/bin/../lib/gcc/avr/5.4.0/../../../../avr/lib/avr5\libm.a(mulsf3.o)
                0x00000c6c                __mulsf3
 .text.avr-libc.fplib
                0x00000c74       0xd2 c:/program files (x86)/atmel/studio/7.0/toolchain/avr8/avr8-gnu-toolchain/bin/../lib/gcc/avr/5.4.0/../../../../avr/lib/avr5\libm.a(mulsf3x.o)
                0x00000c92                __mulsf3x
                0x00000c98                __mulsf3_pse
 .text.avr-libc.fplib
                0x00000d46       0x48 c:/program files (x86)/atmel/studio/7.0/toolchain/avr8/avr8-gnu-toolchain/bin/../lib/gcc/avr/5.4.0/../../../../avr/lib/avr5\libm.a(fp_cmp.o)
                0x00000d46                __fp_cmp
                0x00000d8e                . = ALIGN (0x2)
 *(.fini9)
 .fini9         0x00000d8e        0x0 c:/program files (x86)/atmel/studio/7.0/toolchain/avr8/avr8-gnu-toolchain/bin/../lib/gcc/avr/5.4.0/avr5\libgcc.a(_exit.o)
                0x00000d8e                _exit
                0x00000d8e                exit
 *(.fini9)
 *(.fini8)
 *(.fini8)
 *(.fini7)
 *(.fini7)
 *(.fini6)
 *(.fini6)
 *(.fini5)
 *(.fini5)
 *(.fini4)
 *(.fini4)
 *(.fini3)
 *(.fini3)
 *(.fini2)
 *(.fini2)
 *(.fini1)
 *(.fini1)
 *(.fini0)
 .fini0         0x00000d8e        0x4 c:/program files (x86)/atmel/studio/7.0/toolchain/avr8/avr8-gnu-toolchain/bin/../lib/gcc/avr/5.4.0/avr5\libgcc.a(_exit.o)
 *(.fini0)
                0x00000d92                _etext = .

.data           0x00800060       0x62 load address 0x00000d92
                0x00800060                PROVIDE (__data_start, .)
 *(.data)
 *(.data*)
 *(.gnu.linkonce.d*)
 *(.rodata)
 .rodata        0x00800060       0x18 APP/main.o
 *(.rodata*)
 .rodata.str1.1
                0x00800078       0x4a APP/main.o
 *(.gnu.linkonce.r*)
                0x008000c2                . = ALIGN (0x2)
                0x008000c2                _edata = .
                0x008000c2                PROVIDE (__data_end, .)

.bss            0x008000c2        0x0
                [!provide]                PROVIDE (__bss_start, .)
 *(.bss)
 *(.bss*)
 *(COMMON)
                [!provide]                PROVIDE (__bss_end, .)
                0x00000d92                __data_load_start = LOADADDR (.data)
                0x00000df4                __data_load_end = (__data_load_start + SIZEOF (.data))

.noinit         0x008000c2        0x0
                [!provide]                PROVIDE (__noinit_start, .)
 *(.noinit*)
                [!provide]                PROVIDE (__noinit_end, .)
                0x008000c2                _end = .
                [!provide]                PROVIDE (__heap_start, .)

.eeprom         0x00810000        0x0
 *(.eeprom*)
                0x00810000                __eeprom_end = .

.fuse
 *(.fuse)
 *(.lfuse)
 *(.hfuse)
 *(.efuse)

.lock
 *(.lock*)

.signature
 *(.signature*)

.user_signatures
 *(.user_signatures*)

.stab
 *(.stab)

.stabstr
 *(.stabstr)

.stab.excl
 *(.stab.excl)

.stab.exclstr
 *(.stab.exclstr)

.stab.index
 *(.stab.index)

.stab.indexstr
 *(.stab.indexstr)

.comment        0x00000000       0x30
 *(.comment)
 .comment       0x00000000       0x30 APP/main.o
                                 0x31 (size before relaxing)
 .comment       0x00000030       0x31 HAL/BUZZER/BUZZER_PROGRAM.o
 .comment       0x00000030       0x31 HAL/FLAME_SENSOR/FLAME_SENSOR_PROGRAM.o
 .comment       0x00000030       0x31 HAL/IR_SENSOR/IR_SENSOR_PROGRAM.o
 .comment       0x00000030       0x31 HAL/LCD/LCD_PROGRAM.o
 .comment       0x00000030       0x31 HAL/SERVO_MOTOR/SERVO_PROGRAM.o
 .comment       0x00000030       0x31 HAL/UltraSonic/Ultra_sonic_program.o
 .comment       0x00000030       0x31 LIB/delay_imp.o
 .comment       0x00000030       0x31 MCAL/DIO.o

.note.gnu.avr.deviceinfo
                0x00000000       0x3c
 .note.gnu.avr.deviceinfo
                0x00000000       0x3c C:/Program Files (x86)/Atmel/Studio/7.0/Packs/atmel/ATmega_DFP/1.7.374/gcc/dev/atmega16/avr5/crtatmega16.o

.note.gnu.build-id
 *(.note.gnu.build-id)

.debug
 *(.debug)

.line
 *(.line)

.debug_srcinfo
 *(.debug_srcinfo)

.debug_sfnames
 *(.debug_sfnames)

.debug_aranges  0x00000000      0x1e8
 *(.debug_aranges)
 .debug_aranges
                0x00000000       0x28 APP/main.o
 .debug_aranges
                0x00000028       0x30 HAL/BUZZER/BUZZER_PROGRAM.o
 .debug_aranges
                0x00000058       0x28 HAL/FLAME_SENSOR/FLAME_SENSOR_PROGRAM.o
 .debug_aranges
                0x00000080       0x28 HAL/IR_SENSOR/IR_SENSOR_PROGRAM.o
 .debug_aranges
                0x000000a8       0x90 HAL/LCD/LCD_PROGRAM.o
 .debug_aranges
                0x00000138       0x30 HAL/SERVO_MOTOR/SERVO_PROGRAM.o
 .debug_aranges
                0x00000168       0x30 HAL/UltraSonic/Ultra_sonic_program.o
 .debug_aranges
                0x00000198       0x20 LIB/delay_imp.o
 .debug_aranges
                0x000001b8       0x30 MCAL/DIO.o

.debug_pubnames
 *(.debug_pubnames)

.debug_info     0x00000000     0x2338
 *(.debug_info .gnu.linkonce.wi.*)
 .debug_info    0x00000000      0x52e C:/Program Files (x86)/Atmel/Studio/7.0/Packs/atmel/ATmega_DFP/1.7.374/gcc/dev/atmega16/avr5/crtatmega16.o
 .debug_info    0x0000052e      0x8f3 APP/main.o
 .debug_info    0x00000e21      0x125 HAL/BUZZER/BUZZER_PROGRAM.o
 .debug_info    0x00000f46      0x10d HAL/FLAME_SENSOR/FLAME_SENSOR_PROGRAM.o
 .debug_info    0x00001053      0x136 HAL/IR_SENSOR/IR_SENSOR_PROGRAM.o
 .debug_info    0x00001189      0x9c0 HAL/LCD/LCD_PROGRAM.o
 .debug_info    0x00001b49      0x237 HAL/SERVO_MOTOR/SERVO_PROGRAM.o
 .debug_info    0x00001d80      0x283 HAL/UltraSonic/Ultra_sonic_program.o
 .debug_info    0x00002003      0x1b5 LIB/delay_imp.o
 .debug_info    0x000021b8      0x180 MCAL/DIO.o

.debug_abbrev   0x00000000      0xd41
 *(.debug_abbrev)
 .debug_abbrev  0x00000000      0x4e7 C:/Program Files (x86)/Atmel/Studio/7.0/Packs/atmel/ATmega_DFP/1.7.374/gcc/dev/atmega16/avr5/crtatmega16.o
 .debug_abbrev  0x000004e7      0x161 APP/main.o
 .debug_abbrev  0x00000648       0x6d HAL/BUZZER/BUZZER_PROGRAM.o
 .debug_abbrev  0x000006b5       0xa3 HAL/FLAME_SENSOR/FLAME_SENSOR_PROGRAM.o
 .debug_abbrev  0x00000758       0xc1 HAL/IR_SENSOR/IR_SENSOR_PROGRAM.o
 .debug_abbrev  0x00000819      0x181 HAL/LCD/LCD_PROGRAM.o
 .debug_abbrev  0x0000099a       0xd9 HAL/SERVO_MOTOR/SERVO_PROGRAM.o
 .debug_abbrev  0x00000a73      0x130 HAL/UltraSonic/Ultra_sonic_program.o
 .debug_abbrev  0x00000ba3       0xd7 LIB/delay_imp.o
 .debug_abbrev  0x00000c7a       0xc7 MCAL/DIO.o

.debug_line     0x00000000     0x1348
 *(.debug_line .debug_line.* .debug_line_end)
 .debug_line    0x00000000      0x116 C:/Program Files (x86)/Atmel/Studio/7.0/Packs/atmel/ATmega_DFP/1.7.374/gcc/dev/atmega16/avr5/crtatmega16.o
 .debug_line    0x00000116      0x4a0 APP/main.o
 .debug_line    0x000005b6       0xaa HAL/BUZZER/BUZZER_PROGRAM.o
 .debug_line    0x00000660       0xdf HAL/FLAME_SENSOR/FLAME_SENSOR_PROGRAM.o
 .debug_line    0x0000073f       0xdb HAL/IR_SENSOR/IR_SENSOR_PROGRAM.o
 .debug_line    0x0000081a      0x489 HAL/LCD/LCD_PROGRAM.o
 .debug_line    0x00000ca3      0x15b HAL/SERVO_MOTOR/SERVO_PROGRAM.o
 .debug_line    0x00000dfe      0x21e HAL/UltraSonic/Ultra_sonic_program.o
 .debug_line    0x0000101c      0x174 LIB/delay_imp.o
 .debug_line    0x00001190      0x1b8 MCAL/DIO.o

.debug_frame    0x00000000      0x370
 *(.debug_frame)
 .debug_frame   0x00000000       0x44 APP/main.o
 .debug_frame   0x00000044       0x44 HAL/BUZZER/BUZZER_PROGRAM.o
 .debug_frame   0x00000088       0x34 HAL/FLAME_SENSOR/FLAME_SENSOR_PROGRAM.o
 .debug_frame   0x000000bc       0x34 HAL/IR_SENSOR/IR_SENSOR_PROGRAM.o
 .debug_frame   0x000000f0      0x154 HAL/LCD/LCD_PROGRAM.o
 .debug_frame   0x00000244       0x60 HAL/SERVO_MOTOR/SERVO_PROGRAM.o
 .debug_frame   0x000002a4       0x50 HAL/UltraSonic/Ultra_sonic_program.o
 .debug_frame   0x000002f4       0x38 LIB/delay_imp.o
 .debug_frame   0x0000032c       0x44 MCAL/DIO.o

.debug_str      0x00000000      0x836
 *(.debug_str)
 .debug_str     0x00000000      0x1af C:/Program Files (x86)/Atmel/Studio/7.0/Packs/atmel/ATmega_DFP/1.7.374/gcc/dev/atmega16/avr5/crtatmega16.o
 .debug_str     0x000001af      0x385 APP/main.o
                                0x3b9 (size before relaxing)
 .debug_str     0x00000534       0x34 HAL/BUZZER/BUZZER_PROGRAM.o
                                0x1f3 (size before relaxing)
 .debug_str     0x00000568       0x95 HAL/FLAME_SENSOR/FLAME_SENSOR_PROGRAM.o
                                0x206 (size before relaxing)
 .debug_str     0x000005fd       0x25 HAL/IR_SENSOR/IR_SENSOR_PROGRAM.o
                                0x208 (size before relaxing)
 .debug_str     0x00000622      0x121 HAL/LCD/LCD_PROGRAM.o
                                0x396 (size before relaxing)
 .debug_str     0x00000743       0x49 HAL/SERVO_MOTOR/SERVO_PROGRAM.o
                                0x22b (size before relaxing)
 .debug_str     0x0000078c       0x71 HAL/UltraSonic/Ultra_sonic_program.o
                                0x277 (size before relaxing)
 .debug_str     0x000007fd       0x13 LIB/delay_imp.o
                                0x1ce (size before relaxing)
 .debug_str     0x00000810       0x26 MCAL/DIO.o
                                0x1dd (size before relaxing)

.debug_loc      0x00000000     0x11a4
 *(.debug_loc)
 .debug_loc     0x00000000      0x3a3 APP/main.o
 .debug_loc     0x000003a3       0x1f HAL/FLAME_SENSOR/FLAME_SENSOR_PROGRAM.o
 .debug_loc     0x000003c2       0x40 HAL/IR_SENSOR/IR_SENSOR_PROGRAM.o
 .debug_loc     0x00000402      0x8ba HAL/LCD/LCD_PROGRAM.o
 .debug_loc     0x00000cbc       0xfe HAL/SERVO_MOTOR/SERVO_PROGRAM.o
 .debug_loc     0x00000dba       0xdb HAL/UltraSonic/Ultra_sonic_program.o
 .debug_loc     0x00000e95      0x192 LIB/delay_imp.o
 .debug_loc     0x00001027      0x17d MCAL/DIO.o

.debug_macinfo
 *(.debug_macinfo)

.debug_weaknames
 *(.debug_weaknames)

.debug_funcnames
 *(.debug_funcnames)

.debug_typenames
 *(.debug_typenames)

.debug_varnames
 *(.debug_varnames)

.debug_pubtypes
 *(.debug_pubtypes)

.debug_ranges   0x00000000      0x158
 *(.debug_ranges)
 .debug_ranges  0x00000000       0x18 APP/main.o
 .debug_ranges  0x00000018       0x20 HAL/BUZZER/BUZZER_PROGRAM.o
 .debug_ranges  0x00000038       0x18 HAL/FLAME_SENSOR/FLAME_SENSOR_PROGRAM.o
 .debug_ranges  0x00000050       0x18 HAL/IR_SENSOR/IR_SENSOR_PROGRAM.o
 .debug_ranges  0x00000068       0x80 HAL/LCD/LCD_PROGRAM.o
 .debug_ranges  0x000000e8       0x20 HAL/SERVO_MOTOR/SERVO_PROGRAM.o
 .debug_ranges  0x00000108       0x20 HAL/UltraSonic/Ultra_sonic_program.o
 .debug_ranges  0x00000128       0x10 LIB/delay_imp.o
 .debug_ranges  0x00000138       0x20 MCAL/DIO.o

.debug_macro
 *(.debug_macro)
OUTPUT(GccApplication2.elf elf32-avr)
LOAD linker stubs
